// Jest Snapshot v1, https://goo.gl/fbAQLP

exports[`# RootContainer ## constructor ### should create default object 1`] = `<div />`;
